com/bilbo/store/service/ProductCategoryServiceTest.class
com/bilbo/store/service/OrderServiceTest.class
com/bilbo/store/service/ShippingTypeServiceTest.class
com/bilbo/store/service/ProductBagServiceTest.class
com/bilbo/store/util/EncryptionUtilTest.class
com/bilbo/store/component/ProductBrowsingFlowComponentTest.class
com/bilbo/store/controller/ShippingTypeControllerTest.class
com/bilbo/store/service/UserServiceTest.class
com/bilbo/store/controller/ProductCategoryControllerTest.class
com/bilbo/store/service/ProductServiceTest.class
com/bilbo/store/controller/CartControllerTest.class
com/bilbo/store/component/UserProfileFlowComponentTest.class
com/bilbo/store/controller/ProductBagControllerTest.class
com/bilbo/store/component/ShoppingCheckoutFlowComponentTest.class
com/bilbo/store/component/SecurityAndAuditingComponentTest.class
com/bilbo/store/controller/ProductControllerTest.class
com/bilbo/store/component/BaseComponentTest.class
com/bilbo/store/controller/AddressControllerTest.class
com/bilbo/store/controller/PaymentMethodControllerTest.class
com/bilbo/store/service/PaymentMethodServiceTest.class
com/bilbo/store/service/AddressServiceTest.class
com/bilbo/store/controller/OrderControllerTest.class
com/bilbo/store/service/CartServiceTest.class
