/Users/harinbandarupalli/Documents/Projects/PortfolioProjects/eShop/backend/src/test/java/com/bilbo/store/component/BaseComponentTest.java
/Users/harinbandarupalli/Documents/Projects/PortfolioProjects/eShop/backend/src/test/java/com/bilbo/store/component/ProductBrowsingFlowComponentTest.java
/Users/harinbandarupalli/Documents/Projects/PortfolioProjects/eShop/backend/src/test/java/com/bilbo/store/component/SecurityAndAuditingComponentTest.java
/Users/harinbandarupalli/Documents/Projects/PortfolioProjects/eShop/backend/src/test/java/com/bilbo/store/component/ShoppingCheckoutFlowComponentTest.java
/Users/harinbandarupalli/Documents/Projects/PortfolioProjects/eShop/backend/src/test/java/com/bilbo/store/component/UserProfileFlowComponentTest.java
/Users/harinbandarupalli/Documents/Projects/PortfolioProjects/eShop/backend/src/test/java/com/bilbo/store/controller/AddressControllerTest.java
/Users/harinbandarupalli/Documents/Projects/PortfolioProjects/eShop/backend/src/test/java/com/bilbo/store/controller/CartControllerTest.java
/Users/harinbandarupalli/Documents/Projects/PortfolioProjects/eShop/backend/src/test/java/com/bilbo/store/controller/OrderControllerTest.java
/Users/harinbandarupalli/Documents/Projects/PortfolioProjects/eShop/backend/src/test/java/com/bilbo/store/controller/PaymentMethodControllerTest.java
/Users/harinbandarupalli/Documents/Projects/PortfolioProjects/eShop/backend/src/test/java/com/bilbo/store/controller/ProductBagControllerTest.java
/Users/harinbandarupalli/Documents/Projects/PortfolioProjects/eShop/backend/src/test/java/com/bilbo/store/controller/ProductCategoryControllerTest.java
/Users/harinbandarupalli/Documents/Projects/PortfolioProjects/eShop/backend/src/test/java/com/bilbo/store/controller/ProductControllerTest.java
/Users/harinbandarupalli/Documents/Projects/PortfolioProjects/eShop/backend/src/test/java/com/bilbo/store/controller/ShippingTypeControllerTest.java
/Users/harinbandarupalli/Documents/Projects/PortfolioProjects/eShop/backend/src/test/java/com/bilbo/store/service/AddressServiceTest.java
/Users/harinbandarupalli/Documents/Projects/PortfolioProjects/eShop/backend/src/test/java/com/bilbo/store/service/CartServiceTest.java
/Users/harinbandarupalli/Documents/Projects/PortfolioProjects/eShop/backend/src/test/java/com/bilbo/store/service/OrderServiceTest.java
/Users/harinbandarupalli/Documents/Projects/PortfolioProjects/eShop/backend/src/test/java/com/bilbo/store/service/PaymentMethodServiceTest.java
/Users/harinbandarupalli/Documents/Projects/PortfolioProjects/eShop/backend/src/test/java/com/bilbo/store/service/ProductBagServiceTest.java
/Users/harinbandarupalli/Documents/Projects/PortfolioProjects/eShop/backend/src/test/java/com/bilbo/store/service/ProductCategoryServiceTest.java
/Users/harinbandarupalli/Documents/Projects/PortfolioProjects/eShop/backend/src/test/java/com/bilbo/store/service/ProductServiceTest.java
/Users/harinbandarupalli/Documents/Projects/PortfolioProjects/eShop/backend/src/test/java/com/bilbo/store/service/ShippingTypeServiceTest.java
/Users/harinbandarupalli/Documents/Projects/PortfolioProjects/eShop/backend/src/test/java/com/bilbo/store/service/UserServiceTest.java
/Users/harinbandarupalli/Documents/Projects/PortfolioProjects/eShop/backend/src/test/java/com/bilbo/store/util/EncryptionUtilTest.java
