com/bilbo/store/repository/CartRepository.class
com/bilbo/store/dto/ProductBagDTO.class
com/bilbo/store/mapper/ShippingTypeMapper.class
com/bilbo/store/dto/AddressDTO.class
com/bilbo/store/service/ProductService.class
com/bilbo/store/service/OrderService.class
com/bilbo/store/client/dto/Auth0User.class
com/bilbo/store/dto/ProductCategoryDTO.class
com/bilbo/store/repository/UserRepository.class
com/bilbo/store/mapper/AddressMapperImpl.class
com/bilbo/store/repository/ProductRepository.class
com/bilbo/store/entites/Order.class
com/bilbo/store/controller/CartController.class
com/bilbo/store/mapper/CartMapperImpl.class
com/bilbo/store/mapper/CartItemMapper.class
com/bilbo/store/repository/ProductCategoryRepository.class
com/bilbo/store/mapper/OrderMapperImpl.class
com/bilbo/store/mapper/ProductBagMapper.class
com/bilbo/store/dto/CartItemDTO.class
com/bilbo/store/dto/ProductDTO.class
com/bilbo/store/repository/ShippingTypeRepository.class
com/bilbo/store/config/OpenApiConfig.class
com/bilbo/store/repository/PaymentMethodRepository.class
com/bilbo/store/service/AddressService.class
com/bilbo/store/service/dto/UserDTO$UserDTOBuilder.class
com/bilbo/store/mapper/ProductCategoryMapperImpl.class
com/bilbo/store/entites/Product.class
com/bilbo/store/controller/GlobalExceptionHandler.class
com/bilbo/store/entites/ShippingType.class
com/bilbo/store/mapper/PaymentMethodMapperImpl.class
com/bilbo/store/entites/ProductBag.class
com/bilbo/store/mapper/ProductCategoryMapper.class
com/bilbo/store/entites/OrderBagSnapshot.class
com/bilbo/store/mapper/ProductMapperImpl.class
com/bilbo/store/mapper/OrderMapper.class
com/bilbo/store/entites/Address.class
com/bilbo/store/entites/PaymentMethod.class
com/bilbo/store/service/ShippingTypeService.class
com/bilbo/store/controller/ShippingTypeController.class
com/bilbo/store/service/PaymentMethodService.class
com/bilbo/store/mapper/CartItemMapperImpl.class
com/bilbo/store/mapper/ShippingTypeMapperImpl.class
com/bilbo/store/repository/OrderBagSnapshotRepository.class
com/bilbo/store/mapper/ProductBagMapperImpl.class
com/bilbo/store/entites/ProductCategory.class
com/bilbo/store/mapper/ProductImageMapperImpl.class
com/bilbo/store/controller/OrderController.class
com/bilbo/store/repository/ProductBagRepository.class
com/bilbo/store/mapper/CartMapper.class
com/bilbo/store/mapper/OrderBagSnapshotMapper.class
com/bilbo/store/repository/OrderRepository.class
com/bilbo/store/service/CartService.class
com/bilbo/store/service/ProductBagService.class
com/bilbo/store/entites/User.class
com/bilbo/store/dto/CartDTO.class
com/bilbo/store/client/dto/Auth0User$Identity.class
com/bilbo/store/config/BilboSecurityProperties.class
com/bilbo/store/mapper/AddressMapper.class
com/bilbo/store/repository/CartItemRepository.class
com/bilbo/store/dto/ShippingTypeDTO.class
com/bilbo/store/dto/ProductImageDTO.class
com/bilbo/store/mapper/ProductImageMapper.class
com/bilbo/store/repository/ProductImageRepository.class
com/bilbo/store/controller/ProductCategoryController.class
com/bilbo/store/util/EncryptionUtil.class
com/bilbo/store/controller/ProductController.class
com/bilbo/store/service/UserService.class
com/bilbo/store/config/SecurityConfig.class
com/bilbo/store/service/ProductCategoryService.class
com/bilbo/store/dto/PaymentMethodDTO.class
com/bilbo/store/mapper/PaymentMethodMapper.class
com/bilbo/store/dto/OrderBagSnapshotDTO.class
com/bilbo/store/mapper/ProductMapper.class
com/bilbo/store/dto/OrderDTO.class
com/bilbo/store/repository/AddressRepository.class
com/bilbo/store/BilboApplication.class
com/bilbo/store/mapper/OrderBagSnapshotMapperImpl.class
com/bilbo/store/entites/CartItem.class
com/bilbo/store/controller/PaymentMethodController.class
com/bilbo/store/config/WebClientConfig.class
com/bilbo/store/service/dto/UserDTO.class
com/bilbo/store/controller/ProductBagController.class
com/bilbo/store/entites/ProductImage.class
com/bilbo/store/entites/Cart.class
com/bilbo/store/controller/AddressController.class
com/bilbo/store/client/Auth0Client.class
