/Users/harinbandarupalli/Documents/Projects/PortfolioProjects/eShop/backend/src/main/java/com/bilbo/store/BilboApplication.java
/Users/harinbandarupalli/Documents/Projects/PortfolioProjects/eShop/backend/src/main/java/com/bilbo/store/client/Auth0Client.java
/Users/harinbandarupalli/Documents/Projects/PortfolioProjects/eShop/backend/src/main/java/com/bilbo/store/client/dto/Auth0User.java
/Users/harinbandarupalli/Documents/Projects/PortfolioProjects/eShop/backend/src/main/java/com/bilbo/store/config/BilboSecurityProperties.java
/Users/harinbandarupalli/Documents/Projects/PortfolioProjects/eShop/backend/src/main/java/com/bilbo/store/config/OpenApiConfig.java
/Users/harinbandarupalli/Documents/Projects/PortfolioProjects/eShop/backend/src/main/java/com/bilbo/store/config/SecurityConfig.java
/Users/harinbandarupalli/Documents/Projects/PortfolioProjects/eShop/backend/src/main/java/com/bilbo/store/config/WebClientConfig.java
/Users/harinbandarupalli/Documents/Projects/PortfolioProjects/eShop/backend/src/main/java/com/bilbo/store/controller/AddressController.java
/Users/harinbandarupalli/Documents/Projects/PortfolioProjects/eShop/backend/src/main/java/com/bilbo/store/controller/CartController.java
/Users/harinbandarupalli/Documents/Projects/PortfolioProjects/eShop/backend/src/main/java/com/bilbo/store/controller/GlobalExceptionHandler.java
/Users/harinbandarupalli/Documents/Projects/PortfolioProjects/eShop/backend/src/main/java/com/bilbo/store/controller/OrderController.java
/Users/harinbandarupalli/Documents/Projects/PortfolioProjects/eShop/backend/src/main/java/com/bilbo/store/controller/PaymentMethodController.java
/Users/harinbandarupalli/Documents/Projects/PortfolioProjects/eShop/backend/src/main/java/com/bilbo/store/controller/ProductBagController.java
/Users/harinbandarupalli/Documents/Projects/PortfolioProjects/eShop/backend/src/main/java/com/bilbo/store/controller/ProductCategoryController.java
/Users/harinbandarupalli/Documents/Projects/PortfolioProjects/eShop/backend/src/main/java/com/bilbo/store/controller/ProductController.java
/Users/harinbandarupalli/Documents/Projects/PortfolioProjects/eShop/backend/src/main/java/com/bilbo/store/controller/ShippingTypeController.java
/Users/harinbandarupalli/Documents/Projects/PortfolioProjects/eShop/backend/src/main/java/com/bilbo/store/dto/AddressDTO.java
/Users/harinbandarupalli/Documents/Projects/PortfolioProjects/eShop/backend/src/main/java/com/bilbo/store/dto/CartDTO.java
/Users/harinbandarupalli/Documents/Projects/PortfolioProjects/eShop/backend/src/main/java/com/bilbo/store/dto/CartItemDTO.java
/Users/harinbandarupalli/Documents/Projects/PortfolioProjects/eShop/backend/src/main/java/com/bilbo/store/dto/OrderBagSnapshotDTO.java
/Users/harinbandarupalli/Documents/Projects/PortfolioProjects/eShop/backend/src/main/java/com/bilbo/store/dto/OrderDTO.java
/Users/harinbandarupalli/Documents/Projects/PortfolioProjects/eShop/backend/src/main/java/com/bilbo/store/dto/PaymentMethodDTO.java
/Users/harinbandarupalli/Documents/Projects/PortfolioProjects/eShop/backend/src/main/java/com/bilbo/store/dto/ProductBagDTO.java
/Users/harinbandarupalli/Documents/Projects/PortfolioProjects/eShop/backend/src/main/java/com/bilbo/store/dto/ProductCategoryDTO.java
/Users/harinbandarupalli/Documents/Projects/PortfolioProjects/eShop/backend/src/main/java/com/bilbo/store/dto/ProductDTO.java
/Users/harinbandarupalli/Documents/Projects/PortfolioProjects/eShop/backend/src/main/java/com/bilbo/store/dto/ProductImageDTO.java
/Users/harinbandarupalli/Documents/Projects/PortfolioProjects/eShop/backend/src/main/java/com/bilbo/store/dto/ShippingTypeDTO.java
/Users/harinbandarupalli/Documents/Projects/PortfolioProjects/eShop/backend/src/main/java/com/bilbo/store/entites/Address.java
/Users/harinbandarupalli/Documents/Projects/PortfolioProjects/eShop/backend/src/main/java/com/bilbo/store/entites/Cart.java
/Users/harinbandarupalli/Documents/Projects/PortfolioProjects/eShop/backend/src/main/java/com/bilbo/store/entites/CartItem.java
/Users/harinbandarupalli/Documents/Projects/PortfolioProjects/eShop/backend/src/main/java/com/bilbo/store/entites/Order.java
/Users/harinbandarupalli/Documents/Projects/PortfolioProjects/eShop/backend/src/main/java/com/bilbo/store/entites/OrderBagSnapshot.java
/Users/harinbandarupalli/Documents/Projects/PortfolioProjects/eShop/backend/src/main/java/com/bilbo/store/entites/PaymentMethod.java
/Users/harinbandarupalli/Documents/Projects/PortfolioProjects/eShop/backend/src/main/java/com/bilbo/store/entites/Product.java
/Users/harinbandarupalli/Documents/Projects/PortfolioProjects/eShop/backend/src/main/java/com/bilbo/store/entites/ProductBag.java
/Users/harinbandarupalli/Documents/Projects/PortfolioProjects/eShop/backend/src/main/java/com/bilbo/store/entites/ProductCategory.java
/Users/harinbandarupalli/Documents/Projects/PortfolioProjects/eShop/backend/src/main/java/com/bilbo/store/entites/ProductImage.java
/Users/harinbandarupalli/Documents/Projects/PortfolioProjects/eShop/backend/src/main/java/com/bilbo/store/entites/ShippingType.java
/Users/harinbandarupalli/Documents/Projects/PortfolioProjects/eShop/backend/src/main/java/com/bilbo/store/entites/User.java
/Users/harinbandarupalli/Documents/Projects/PortfolioProjects/eShop/backend/src/main/java/com/bilbo/store/mapper/AddressMapper.java
/Users/harinbandarupalli/Documents/Projects/PortfolioProjects/eShop/backend/src/main/java/com/bilbo/store/mapper/CartItemMapper.java
/Users/harinbandarupalli/Documents/Projects/PortfolioProjects/eShop/backend/src/main/java/com/bilbo/store/mapper/CartMapper.java
/Users/harinbandarupalli/Documents/Projects/PortfolioProjects/eShop/backend/src/main/java/com/bilbo/store/mapper/OrderBagSnapshotMapper.java
/Users/harinbandarupalli/Documents/Projects/PortfolioProjects/eShop/backend/src/main/java/com/bilbo/store/mapper/OrderMapper.java
/Users/harinbandarupalli/Documents/Projects/PortfolioProjects/eShop/backend/src/main/java/com/bilbo/store/mapper/PaymentMethodMapper.java
/Users/harinbandarupalli/Documents/Projects/PortfolioProjects/eShop/backend/src/main/java/com/bilbo/store/mapper/ProductBagMapper.java
/Users/harinbandarupalli/Documents/Projects/PortfolioProjects/eShop/backend/src/main/java/com/bilbo/store/mapper/ProductCategoryMapper.java
/Users/harinbandarupalli/Documents/Projects/PortfolioProjects/eShop/backend/src/main/java/com/bilbo/store/mapper/ProductImageMapper.java
/Users/harinbandarupalli/Documents/Projects/PortfolioProjects/eShop/backend/src/main/java/com/bilbo/store/mapper/ProductMapper.java
/Users/harinbandarupalli/Documents/Projects/PortfolioProjects/eShop/backend/src/main/java/com/bilbo/store/mapper/ShippingTypeMapper.java
/Users/harinbandarupalli/Documents/Projects/PortfolioProjects/eShop/backend/src/main/java/com/bilbo/store/repository/AddressRepository.java
/Users/harinbandarupalli/Documents/Projects/PortfolioProjects/eShop/backend/src/main/java/com/bilbo/store/repository/CartItemRepository.java
/Users/harinbandarupalli/Documents/Projects/PortfolioProjects/eShop/backend/src/main/java/com/bilbo/store/repository/CartRepository.java
/Users/harinbandarupalli/Documents/Projects/PortfolioProjects/eShop/backend/src/main/java/com/bilbo/store/repository/OrderBagSnapshotRepository.java
/Users/harinbandarupalli/Documents/Projects/PortfolioProjects/eShop/backend/src/main/java/com/bilbo/store/repository/OrderRepository.java
/Users/harinbandarupalli/Documents/Projects/PortfolioProjects/eShop/backend/src/main/java/com/bilbo/store/repository/PaymentMethodRepository.java
/Users/harinbandarupalli/Documents/Projects/PortfolioProjects/eShop/backend/src/main/java/com/bilbo/store/repository/ProductBagRepository.java
/Users/harinbandarupalli/Documents/Projects/PortfolioProjects/eShop/backend/src/main/java/com/bilbo/store/repository/ProductCategoryRepository.java
/Users/harinbandarupalli/Documents/Projects/PortfolioProjects/eShop/backend/src/main/java/com/bilbo/store/repository/ProductImageRepository.java
/Users/harinbandarupalli/Documents/Projects/PortfolioProjects/eShop/backend/src/main/java/com/bilbo/store/repository/ProductRepository.java
/Users/harinbandarupalli/Documents/Projects/PortfolioProjects/eShop/backend/src/main/java/com/bilbo/store/repository/ShippingTypeRepository.java
/Users/harinbandarupalli/Documents/Projects/PortfolioProjects/eShop/backend/src/main/java/com/bilbo/store/repository/UserRepository.java
/Users/harinbandarupalli/Documents/Projects/PortfolioProjects/eShop/backend/src/main/java/com/bilbo/store/service/AddressService.java
/Users/harinbandarupalli/Documents/Projects/PortfolioProjects/eShop/backend/src/main/java/com/bilbo/store/service/CartService.java
/Users/harinbandarupalli/Documents/Projects/PortfolioProjects/eShop/backend/src/main/java/com/bilbo/store/service/OrderService.java
/Users/harinbandarupalli/Documents/Projects/PortfolioProjects/eShop/backend/src/main/java/com/bilbo/store/service/PaymentMethodService.java
/Users/harinbandarupalli/Documents/Projects/PortfolioProjects/eShop/backend/src/main/java/com/bilbo/store/service/ProductBagService.java
/Users/harinbandarupalli/Documents/Projects/PortfolioProjects/eShop/backend/src/main/java/com/bilbo/store/service/ProductCategoryService.java
/Users/harinbandarupalli/Documents/Projects/PortfolioProjects/eShop/backend/src/main/java/com/bilbo/store/service/ProductService.java
/Users/harinbandarupalli/Documents/Projects/PortfolioProjects/eShop/backend/src/main/java/com/bilbo/store/service/ShippingTypeService.java
/Users/harinbandarupalli/Documents/Projects/PortfolioProjects/eShop/backend/src/main/java/com/bilbo/store/service/UserService.java
/Users/harinbandarupalli/Documents/Projects/PortfolioProjects/eShop/backend/src/main/java/com/bilbo/store/service/dto/UserDTO.java
/Users/harinbandarupalli/Documents/Projects/PortfolioProjects/eShop/backend/src/main/java/com/bilbo/store/util/EncryptionUtil.java
